
╔══════════════════════════════════════════════════════════════╗
║                🧪 GF SPARTA DIRECT TESTS REPORT             ║
╠══════════════════════════════════════════════════════════════╣
║ Total Tests: 20                                              ║
║ ✅ Passed: 19                                                ║
║ ❌ Failed: 1                                                 ║
║ Success Rate: 95.0%                                        ║
╚══════════════════════════════════════════════════════════════╝

RESULTADOS DETALLADOS:
✅ Archivos Críticos Existen: PASSED
❌ Estructura HTML Básica: FAILED
✅ Meta Tags Móvil: PASSED
✅ Tailwind CSS CDN: PASSED
✅ Font Awesome CDN: PASSED
✅ Logo GF SPARTA: PASSED
✅ Enlaces WhatsApp: PASSED
✅ Enlace Instagram: PASSED
✅ Enlace Google Maps: PASSED
✅ Información de Precios: PASSED
✅ Planes de Entrenamiento: PASSED
✅ Servicios de Entrenamiento: PASSED
✅ Equipo de Entrenadores: PASSED
✅ Funciones JavaScript: PASSED
✅ Diseño Responsive: PASSED
✅ Imágenes del Gimnasio: PASSED
✅ Modal de Galería: PASSED
✅ Colores del Tema: PASSED
✅ Navegación Suave: PASSED
✅ Listo para GitHub Pages: PASSED

🔧 1 TESTS REQUIEREN ATENCIÓN
        